// Jest Snapshot v1, https://goo.gl/fbAQLP

exports[`should render list expense  component  1`] = `
<div>
  <ul>
    <ListExpenseItem
      amount={12300}
      description="redds bill"
      id="1"
      key="1"
      note=""
      timePayAt={1000}
    />
    <ListExpenseItem
      amount={7800}
      description="oil bill"
      id="3"
      key="3"
      note=""
      timePayAt={-345600000}
    />
  </ul>
</div>
`;

exports[`should render waring test of no expenses  1`] = `
<div>
  <ul>
    <p>
      There is No Expenses
    </p>
  </ul>
</div>
`;
